---
source: tests/derive.rs
expression: "Option2::<i32>::None"
---
>>> pretty
None

>>> color
None


