---
source: tests/derive.rs
expression: "BTreeMap::from([(\"hello\", 60), (\"Hello, world! I am a very long string\", 12)])"
---
>>> pretty
{
    "Hello, world! I am a very long string" = 12;
    "hello" = 60;
}

>>> color

[31m{[0m
    [33m[0m[31m"[0m[33mHello, world! I am a very long string[0m[31m"[0m[33m[0m [31m=[0m 12[31m;[0m
    [33m[0m[31m"[0m[33mhello[0m[31m"[0m[33m[0m [31m=[0m 60[31m;[0m
[31m}[0m

