---
source: tests/derive.rs
expression: "BTreeSet::from([420, 69])"
---
>>> pretty
{
    69;
    420
}

>>> color
[31m{[0m
    69[31m;[0m
    420
[31m}[0m


